This is e-TeX, Version 3.141592-2.2 (MiKTeX 2.4) (preloaded format=latex 2006.2.27)  16 APR 2007 17:23
entering extended mode
**Mythesis.tex
(Mythesis.tex
LaTeX2e <2003/12/01>
Babel <v3.8g> and hyphenation patterns for english, dumylang, nohyphenation, ge
rman, ngerman, french, loaded.
(thesis.cls
Document Class: thesis 2000/11/03

--------------------------------------------------------------
 +---+ Thesis Style (thesis.cls) version 1.09, November 2000
 +---+ for University of Colorado Ph.D. theses/dissertations.
 * Conforms to the University of Colorado at Boulder Graduate
 * School "SPECIFICATIONS for Preparation of Master's Thesis
 * and Doctoral Dissertations" (rev. February 2000).
--------------------------------------------------------------
 URL: http://www.Colorado.EDU/ITS/docs/latex/ThesisClass

(C:\texmf\tex\latex\base\report.cls
Document Class: report 2004/02/16 v1.4f Standard LaTeX document class
(C:\texmf\tex\latex\base\size12.clo
File: size12.clo 2004/02/16 v1.4f Standard LaTeX file (size option)
)
\c@part=\count79
\c@chapter=\count80
\c@section=\count81
\c@subsection=\count82
\c@subsubsection=\count83
\c@paragraph=\count84
\c@subparagraph=\count85
\c@figure=\count86
\c@table=\count87
\abovecaptionskip=\skip41
\belowcaptionskip=\skip42
\bibindent=\dimen102
) (C:\texmf\tex\latex\tools\indentfirst.sty
Package: indentfirst 1995/11/23 v1.03 Indent first paragraph (DPC)
) (C:\texmf\tex\latex\base\ifthen.sty
Package: ifthen 2001/05/26 v1.1c Standard LaTeX ifthen package (DPC)
) (C:\texmf\tex\latex\ltxmisc\ulem.sty
\UL@box=\box26
\UL@hyphenbox=\box27
\UL@skip=\skip43
\UL@hook=\toks14
\UL@pe=\count88
\UL@pixel=\dimen103
\ULC@box=\box28
Package: ulem 2000/05/26
\ULdepth=\dimen104
)
\c@th@SecNum=\count89
\c@th@SectionSave=\count90
\th@SubSubSecSpc=\skip44
\c@th@storepage=\count91
)
(C:\texmf\tex\latex\base\latexsym.sty
Package: latexsym 1998/08/17 v2.2e Standard LaTeX package (lasy symbols)
\symlasy=\mathgroup4
LaTeX Font Info:    Overwriting symbol font `lasy' in version `bold'
(Font)                  U/lasy/m/n --> U/lasy/b/n on input line 47.
) (C:\texmf\tex\latex\graphics\epsfig.sty
Package: epsfig 1999/02/16 v1.7a (e)psfig emulation (SPQR)

(C:\texmf\tex\latex\graphics\graphicx.sty
Package: graphicx 1999/02/16 v1.0f Enhanced LaTeX Graphics (DPC,SPQR)

(C:\texmf\tex\latex\graphics\keyval.sty
Package: keyval 1999/03/16 v1.13 key=value parser (DPC)
\KV@toks@=\toks15
)
(C:\texmf\tex\latex\graphics\graphics.sty
Package: graphics 2001/07/07 v1.0n Standard LaTeX Graphics (DPC,SPQR)
 (C:\texmf\tex\latex\graphics\trig.sty
Package: trig 1999/03/16 v1.09 sin cos tan (DPC)
) (C:\texmf\tex\latex\00miktex\graphics.cfg
File: graphics.cfg 2005/12/29 v1.2 MiKTeX 'graphics' configuration
)
Package graphics Info: Driver file: dvips.def on input line 80.

(C:\texmf\tex\latex\graphics\dvips.def
File: dvips.def 1999/02/16 v3.0i Driver-dependant file (DPC,SPQR)
))
\Gin@req@height=\dimen105
\Gin@req@width=\dimen106
)
\epsfxsize=\dimen107
\epsfysize=\dimen108
) (rotating.sty
Package: rotating 1995/08/22 2.10 Rotation package
\r@tfl@t=\count92
\rot@float@box=\box29
) (eufrak.sty
Package: eufrak 1997/05/15 v2.2d Euler Fraktur fonts
LaTeX Font Info:    Overwriting math alphabet `\EuFrak' in version `bold'
(Font)                  U/euf/m/n --> U/euf/b/n on input line 52.
)
Putting page number on short ToC
! Undefined control sequence.
\LoSisShort -> \@shortLoStrue 
                              \typeout {Putting page number on short LoS} 
l.65 \LoSisShort
                
? 
Putting page number on short LoS
Putting page number on short LoF
Putting page number on short LoT
! Undefined control sequence.
\LoAisShort -> \@shortLoAtrue 
                              \typeout {Putting page number on short LoA} 
l.73 \LoAisShort
                
? 
Putting page number on short LoA
(Mythesis.aux)
LaTeX Font Info:    Checking defaults for OML/cmm/m/it on input line 86.
LaTeX Font Info:    ... okay on input line 86.
LaTeX Font Info:    Checking defaults for T1/cmr/m/n on input line 86.
LaTeX Font Info:    ... okay on input line 86.
LaTeX Font Info:    Checking defaults for OT1/cmr/m/n on input line 86.
LaTeX Font Info:    ... okay on input line 86.
LaTeX Font Info:    Checking defaults for OMS/cmsy/m/n on input line 86.
LaTeX Font Info:    ... okay on input line 86.
LaTeX Font Info:    Checking defaults for OMX/cmex/m/n on input line 86.
LaTeX Font Info:    ... okay on input line 86.
LaTeX Font Info:    Checking defaults for U/cmr/m/n on input line 86.
LaTeX Font Info:    ... okay on input line 86.

Making Title Page
File: figures/nitclogo.eps Graphic file (type eps)
<figures/nitclogo.eps>
Making Acknowledgement Page
[1


]
centered
Making Dedication Page

Overfull \hbox (101.87413pt too wide) in paragraph at lines 86--86
[]\OT1/cmr/m/n/12 Your ac-knowl-edge-ments  |  \OT1/cmr/bx/n/12 Your
 []


Overfull \vbox (7.96431pt too high) has occurred while \output is active []


[2


]
Underfull \hbox (badness 10000) in paragraph at lines 86--86

 []


Underfull \hbox (badness 10000) in paragraph at lines 86--86

 []

Making Approval Page

Overfull \hbox (97.14171pt too wide) in paragraph at lines 86--86
[][] []
 []

[3

]
Underfull \hbox (badness 10000) in paragraph at lines 86--86

 []

Making ToC Page
Making Short ToC...
[4

]
centered
Short Chapter (page numbered)
(Mythesis.toc
LaTeX Font Info:    External font `cmex10' loaded for size
(Font)              <12> on input line 4.
LaTeX Font Info:    External font `cmex10' loaded for size
(Font)              <8> on input line 4.
LaTeX Font Info:    External font `cmex10' loaded for size
(Font)              <6> on input line 4.
LaTeX Font Info:    Try loading font information for U+lasy on input line 4.
 (C:\texmf\tex\latex\base\ulasy.fd
File: ulasy.fd 1998/08/17 v2.2e LaTeX symbol font definitions
))
\tf@toc=\write3

Making Abstract Page

Overfull \vbox (5.16667pt too high) has occurred while \output is active []


[5

]
centered
Short Chapter (page numbered)
Making LoS Page
! Undefined control sequence.
\emptyLoS -> \@makenoLoStrue 
                             \typeout {No LoS printed} 
l.86 \begin{document}
                     
? 
No LoS printed
Skipping Los...
! Undefined control sequence.
\th@MakeThesisPrologue ...ge \listofabbreviations 
                                                  \typeout {Making LoT Page}...
l.86 \begin{document}
                     
? 
Making LoT Page
Making Short LoT...

Overfull \vbox (7.96431pt too high) has occurred while \output is active []


[6


]
centered
Short Chapter (page numbered)
(Mythesis.lot)
\tf@lot=\write4

Making LoF Page
Making Short LoF...

Overfull \vbox (7.96431pt too high) has occurred while \output is active []


[7

]
centered
Short Chapter (page numbered)
(Mythesis.lof)
\tf@lof=\write5

Making LoA Page
! Undefined control sequence.
\th@LoApage ...@THshortChapterfalse \if@makenoLoA 
                                                  \typeout {Skipping LoA...}...
l.86 \begin{document}
                     
? 
Skipping LoA...
! Undefined control sequence.
\th@LoApage ...doublespacing \listofabbreviations 
                                                  } \fi 
l.86 \begin{document}
                     
? 
! Extra \fi.
\th@LoApage ...spacing \listofabbreviations } \fi 
                                                  
l.86 \begin{document}
                     
? 
! Extra \fi.
\th@MakeThesisPrologue ...A Page} \th@LoApage \fi 
                                                  
l.86 \begin{document}
                     
? 


-------------------Beginning Body----------------------



Overfull \vbox (7.96431pt too high) has occurred while \output is active []


[8

] (macros.tex
\c@th@theorem=\count93
) (ch3.tex
 \th@ChapterStyle\th@DoChapCenterChapter \th@ChapterStyle 1.
centered
) (ch1.tex
Overfull \hbox (9.93382pt too wide) in paragraph at lines 2--1
[][]\OT1/cmr/m/n/12 Evaluating the per-for-mance for var-i-ous rout-ing al-go-r
ithms for Pub-lsih/Suscribe
 []

[1


]
 \th@ChapterStyle\th@DoChapCenterChapter \th@ChapterStyle 2.
centered

Underfull \hbox (badness 10000) in paragraph at lines 4--19

 []

[2

]

LaTeX Warning: Citation `pastry' on page 3 undefined on input line 62.


Overfull \vbox (7.73332pt too high) has occurred while \output is active []


[3]
Overfull \hbox (64.5488pt too wide) in paragraph at lines 80--101
[][][]
 []


Underfull \hbox (badness 10000) in paragraph at lines 80--101

 []


Overfull \vbox (7.73332pt too high) has occurred while \output is active []


[4]

LaTeX Warning: Citation `medym' on page 5 undefined on input line 102.

Missing character: There is no ë in font cmr12!
Missing character: There is no í in font cmr12!

Overfull \hbox (49.85837pt too wide) in paragraph at lines 102--131
[]
 []


Underfull \hbox (badness 10000) in paragraph at lines 102--131

 []


Overfull \vbox (7.73332pt too high) has occurred while \output is active []


[5]

LaTeX Warning: Citation `siena' on page 6 undefined on input line 133.


Overfull \hbox (2.09325pt too wide) in paragraph at lines 132--154
[][]\OT1/cmr/m/n/12 SIENA(Scalable In-ter-net Event No-ti-fi-ca-tion Architectu
re)[[]]. SIENA's topol-
 []


Overfull \hbox (54.72359pt too wide) in paragraph at lines 132--154
[]
 []


Underfull \hbox (badness 10000) in paragraph at lines 132--154

 []


Overfull \vbox (7.73332pt too high) has occurred while \output is active []


[6]) (ch2.tex
Overfull \hbox (59.48882pt too wide) in paragraph at lines 155--1
[]
 []


Underfull \hbox (badness 10000) in paragraph at lines 155--1

 []


Overfull \vbox (7.73332pt too high) has occurred while \output is active []


[7]
Overfull \vbox (7.73332pt too high) has occurred while \output is active []


[8]
 \th@ChapterStyle\th@DoChapCenterChapter \th@ChapterStyle 3.
centered
) [9

] (Mythesis.bbl
Overfull \vbox (7.73332pt too high) has occurred while \output is active []


[10]
centered

LaTeX Warning: Empty `thebibliography' environment on input line 3.

) (appA.tex [11

]
 \th@ChapterStyle\th@DoChapCenterAppendix \th@ChapterStyle A.
centered
) [12

] (Mythesis.aux)

LaTeX Warning: There were undefined references.

 ) 
Here is how much of TeX's memory you used:
 1213 strings out of 95901
 13481 string characters out of 1195329
 68588 words of memory out of 1067252
 4160 multiletter control sequences out of 60000
 9864 words of font info for 36 fonts, out of 1000000 for 2000
 14 hyphenation exceptions out of 4999
 32i,6n,28p,737b,231s stack positions out of 5000i,500n,10000p,200000b,32768s

Output written on Mythesis.dvi (20 pages, 25600 bytes).
